// Vitest Snapshot v1, https://vitest.dev/guide/snapshot.html

exports[`Cart item component > renders cart product items 1`] = `
<div>
  <div
    class="sc-FEMpB cijdTX"
  >
    <div
      class="sc-gjcoXW JHeVO"
    >
      <p>
        Fake product A
      </p>
      <h4>
        €
        35.50
      </h4>
      <h3>
        x 
        3
      </h3>
      <h4>
        €
        106.50
      </h4>
    </div>
    <img
      alt=" "
      class="sc-dVBluf hfbheF"
      src="fakeImageA.jpg"
    />
    <button
      class="sc-fLDLck bPdsbk"
    >
      X
    </button>
  </div>
</div>
`;
