// Vitest Snapshot v1, https://vitest.dev/guide/snapshot.html

exports[`Shop component > renders shop products 1`] = `
<div>
  <h1>
    Products
  </h1>
  <div
    class="sc-cMqPwU keFeiM"
  >
    <div
      class="sc-kfeOyU cPZBqz"
    >
      <img
        alt=" "
        class="sc-hRDKVd fmIcTT"
        src="fakeImageA.jpg"
      />
      <h3>
        Fake product A
         €
        35.50
      </h3>
      <button
        class="sc-jBIHhB kKjMVe"
      >
        Show Detail
      </button>
      <dialog
        class="sc-FEMpB fROXOS"
      >
        <div
          class="sc-gjcoXW hEnKnr"
        >
          <h2>
            Fake product A
             €
            35.50
          </h2>
          <img
            alt=" "
            class="sc-dVBluf gNBXRn"
            src="fakeImageA.jpg"
          />
          <p>
            This is fake product A.
          </p>
          <button
            class="sc-jBIHhB kKjMVe"
          >
            Back to Shop
          </button>
        </div>
      </dialog>
      <form
        class="sc-fLDLck geSOOS"
      >
        <label
          class="sc-gNZgCX iOhCWI"
          for="quantity"
        >
          Quantity:
        </label>
        <div>
          <button
            class="sc-dycHyt hRrA-Dl"
            type="button"
          >
            -
          </button>
          <input
            class="sc-dycHyt sc-jbAkgO hRrA-Dl ilAZys"
            id="quantity"
            max="10"
            min="1"
            name="quantity"
            pattern="^\\d+$"
            type="text"
            value="0"
          />
          <button
            class="sc-dycHyt hRrA-Dl"
            type="button"
          >
            +
          </button>
        </div>
        <button
          class="sc-dycHyt hRrA-Dl"
          type="submit"
        >
          Add to Cart
        </button>
      </form>
    </div>
    <div
      class="sc-kfeOyU cPZBqz"
    >
      <img
        alt=" "
        class="sc-hRDKVd fmIcTT"
        src="fakeImageB.jpg"
      />
      <h3>
        Fake product B
         €
        57.99
      </h3>
      <button
        class="sc-jBIHhB kKjMVe"
      >
        Show Detail
      </button>
      <dialog
        class="sc-FEMpB fROXOS"
      >
        <div
          class="sc-gjcoXW hEnKnr"
        >
          <h2>
            Fake product B
             €
            57.99
          </h2>
          <img
            alt=" "
            class="sc-dVBluf gNBXRn"
            src="fakeImageB.jpg"
          />
          <p>
            This is fake product B.
          </p>
          <button
            class="sc-jBIHhB kKjMVe"
          >
            Back to Shop
          </button>
        </div>
      </dialog>
      <form
        class="sc-fLDLck geSOOS"
      >
        <label
          class="sc-gNZgCX iOhCWI"
          for="quantity"
        >
          Quantity:
        </label>
        <div>
          <button
            class="sc-dycHyt hRrA-Dl"
            type="button"
          >
            -
          </button>
          <input
            class="sc-dycHyt sc-jbAkgO hRrA-Dl ilAZys"
            id="quantity"
            max="10"
            min="1"
            name="quantity"
            pattern="^\\d+$"
            type="text"
            value="0"
          />
          <button
            class="sc-dycHyt hRrA-Dl"
            type="button"
          >
            +
          </button>
        </div>
        <button
          class="sc-dycHyt hRrA-Dl"
          type="submit"
        >
          Add to Cart
        </button>
      </form>
    </div>
    <div
      class="sc-kfeOyU cPZBqz"
    >
      <img
        alt=" "
        class="sc-hRDKVd fmIcTT"
        src="fakeImageC.jpg"
      />
      <h3>
        Fake product C
         €
        7.50
      </h3>
      <button
        class="sc-jBIHhB kKjMVe"
      >
        Show Detail
      </button>
      <dialog
        class="sc-FEMpB fROXOS"
      >
        <div
          class="sc-gjcoXW hEnKnr"
        >
          <h2>
            Fake product C
             €
            7.50
          </h2>
          <img
            alt=" "
            class="sc-dVBluf gNBXRn"
            src="fakeImageC.jpg"
          />
          <p>
            This is fake product C.
          </p>
          <button
            class="sc-jBIHhB kKjMVe"
          >
            Back to Shop
          </button>
        </div>
      </dialog>
      <form
        class="sc-fLDLck geSOOS"
      >
        <label
          class="sc-gNZgCX iOhCWI"
          for="quantity"
        >
          Quantity:
        </label>
        <div>
          <button
            class="sc-dycHyt hRrA-Dl"
            type="button"
          >
            -
          </button>
          <input
            class="sc-dycHyt sc-jbAkgO hRrA-Dl ilAZys"
            id="quantity"
            max="10"
            min="1"
            name="quantity"
            pattern="^\\d+$"
            type="text"
            value="0"
          />
          <button
            class="sc-dycHyt hRrA-Dl"
            type="button"
          >
            +
          </button>
        </div>
        <button
          class="sc-dycHyt hRrA-Dl"
          type="submit"
        >
          Add to Cart
        </button>
      </form>
    </div>
  </div>
</div>
`;
