// Vitest Snapshot v1, https://vitest.dev/guide/snapshot.html

exports[`Shop item detail component > renders shop item detail dialog 1`] = `
<div>
  <dialog
    class="sc-FEMpB fROXOS"
  >
    <div
      class="sc-gjcoXW hEnKnr"
    >
      <h2>
         €
        0.00
      </h2>
      <img
        alt=" "
        class="sc-dVBluf gNBXRn"
      />
      <p />
    </div>
  </dialog>
</div>
`;
