// Vitest Snapshot v1, https://vitest.dev/guide/snapshot.html

exports[`Shop item component > renders shop product item 1`] = `
<div>
  <div
    class="sc-kfeOyU cPZBqz"
  >
    <img
      alt=" "
      class="sc-hRDKVd fmIcTT"
    />
    <h3>
       €
      0.00
    </h3>
    <button
      class="sc-jBIHhB kKjMVe"
    >
      Show Detail
    </button>
    <dialog
      class="sc-FEMpB fROXOS"
    >
      <div
        class="sc-gjcoXW hEnKnr"
      >
        <h2>
           €
          0.00
        </h2>
        <img
          alt=" "
          class="sc-dVBluf gNBXRn"
        />
        <p />
        <button
          class="sc-jBIHhB kKjMVe"
        >
          Back to Shop
        </button>
      </div>
    </dialog>
    <form
      class="sc-fLDLck geSOOS"
    >
      <label
        class="sc-gNZgCX iOhCWI"
        for="quantity"
      >
        Quantity:
      </label>
      <div>
        <button
          class="sc-dycHyt hRrA-Dl"
          type="button"
        >
          -
        </button>
        <input
          class="sc-dycHyt sc-jbAkgO hRrA-Dl ilAZys"
          id="quantity"
          max="10"
          min="1"
          name="quantity"
          pattern="^\\d+$"
          type="text"
          value="0"
        />
        <button
          class="sc-dycHyt hRrA-Dl"
          type="button"
        >
          +
        </button>
      </div>
      <button
        class="sc-dycHyt hRrA-Dl"
        type="submit"
      >
        Add to Cart
      </button>
    </form>
  </div>
</div>
`;
